2026-07-30T22:43:54Z INF Thank you for trying Cloudflare Tunnel. Doing so, without a Cloudflare account, is a quick way to experiment and try it out. However, be aware that these account-less Tunnels have no uptime guarantee, are subject to the Cloudflare Online Services Terms of Use (https://www.cloudflare.com/website-terms/), and Cloudflare reserves the right to investigate your use of Tunnels for violations of such terms. If you intend to use Tunnels in production you should use a pre-created named tunnel by following: https://developers.cloudflare.com/cloudflare-one/connections/connect-apps
2026-07-30T22:43:54Z INF Requesting new quick Tunnel on trycloudflare.com...
2026-07-30T22:44:01Z INF +--------------------------------------------------------------------------------------------+
2026-07-30T22:44:01Z INF |  Your quick Tunnel has been created! Visit it at (it may take some time to be reachable):  |
2026-07-30T22:44:01Z INF |  https://intelligent-robot-frozen-partial.trycloudflare.com                                |
2026-07-30T22:44:01Z INF +--------------------------------------------------------------------------------------------+
2026-07-30T22:44:01Z INF Cannot determine default configuration path. No file [config.yml config.yaml] in [~/.cloudflared ~/.cloudflare-warp ~/cloudflare-warp /etc/cloudflared /usr/local/etc/cloudflared]
2026-07-30T22:44:01Z INF Version 2026.7.3 (Checksum e88fe5874d42a94f49a7ea59cabc3722d2962d0449232b0f3b1a426a712e275c)
2026-07-30T22:44:01Z INF GOOS: darwin, GOVersion: go1.26.2, GoArch: amd64
2026-07-30T22:44:01Z INF Settings: map[ha-connections:1 no-autoupdate:true protocol:quic url:http://127.0.0.1:8000]
2026-07-30T22:44:01Z INF Generated Connector ID: b7d175db-1afe-4fe1-aed0-40e9b82ce9ea
2026-07-30T22:44:01Z INF Initial protocol quic
2026-07-30T22:44:01Z INF ICMP proxy will use 192.168.100.60 as source for IPv4
2026-07-30T22:44:01Z INF ICMP proxy will use fe80::a7:acee:52dd:414e in zone en0 as source for IPv6
2026-07-30T22:44:01Z INF Created ICMP proxy listening on 192.168.100.60:0
2026-07-30T22:44:01Z INF ICMP proxy will use 192.168.100.60 as source for IPv4
2026-07-30T22:44:01Z INF ICMP proxy will use fe80::a7:acee:52dd:414e in zone en0 as source for IPv6
2026-07-30T22:44:01Z INF Starting metrics server on 127.0.0.1:20241/metrics
2026-07-30T22:44:01Z INF Tunnel connection curve preferences: [X25519MLKEM768 CurveID(65074) CurveP256] connIndex=0 event=0 ip=198.41.200.193
2026-07-30T22:44:02Z INF Registered tunnel connection connIndex=0 connection=f8eeb07a-77e5-4add-885a-105feb081689 event=0 ip=198.41.200.193 location=jnb04 protocol=quic
2026-07-30T22:44:07Z INF +-------------------------------------------------------------------------------------+
2026-07-30T22:44:07Z INF |                               CONNECTIVITY PRE-CHECKS                               |
2026-07-30T22:44:07Z INF +-------------------------------------------------------------------------------------+
2026-07-30T22:44:07Z INF |  COMPONENT         TARGET                     STATUS  DETAILS                       |
2026-07-30T22:44:07Z INF |  DNS Resolution    region1.v2.argotunnel.com  PASS    DNS Resolved successfully     |
2026-07-30T22:44:07Z INF |  DNS Resolution    region2.v2.argotunnel.com  PASS    DNS Resolved successfully     |
2026-07-30T22:44:07Z INF |  UDP Connectivity  region1.v2.argotunnel.com  PASS    QUIC connection successful    |
2026-07-30T22:44:07Z INF |  UDP Connectivity  region2.v2.argotunnel.com  PASS    QUIC connection successful    |
2026-07-30T22:44:07Z INF |  TCP Connectivity  region1.v2.argotunnel.com  PASS    HTTP/2 connection successful  |
2026-07-30T22:44:07Z INF |  TCP Connectivity  region2.v2.argotunnel.com  PASS    HTTP/2 connection successful  |
2026-07-30T22:44:07Z INF |  Cloudflare API    api.cloudflare.com:443     PASS    API is reachable              |
2026-07-30T22:44:07Z INF |                                                                                     |
2026-07-30T22:44:07Z INF |  SUMMARY: Environment is healthy. cloudflared will use 'quic' as primary protocol.  |
2026-07-30T22:44:07Z INF +-------------------------------------------------------------------------------------+
2026-07-30T22:44:07Z INF precheck component="DNS Resolution" details="DNS Resolved successfully" run_id=52e098e9-5310-4e8f-bf01-2729b32b6d56 status=pass target=region1.v2.argotunnel.com
2026-07-30T22:44:07Z INF precheck component="DNS Resolution" details="DNS Resolved successfully" run_id=52e098e9-5310-4e8f-bf01-2729b32b6d56 status=pass target=region2.v2.argotunnel.com
2026-07-30T22:44:07Z INF precheck component="UDP Connectivity" details="QUIC connection successful" run_id=52e098e9-5310-4e8f-bf01-2729b32b6d56 status=pass target=region1.v2.argotunnel.com
2026-07-30T22:44:07Z INF precheck component="UDP Connectivity" details="QUIC connection successful" run_id=52e098e9-5310-4e8f-bf01-2729b32b6d56 status=pass target=region2.v2.argotunnel.com
2026-07-30T22:44:07Z INF precheck component="TCP Connectivity" details="HTTP/2 connection successful" run_id=52e098e9-5310-4e8f-bf01-2729b32b6d56 status=pass target=region1.v2.argotunnel.com
2026-07-30T22:44:07Z INF precheck component="TCP Connectivity" details="HTTP/2 connection successful" run_id=52e098e9-5310-4e8f-bf01-2729b32b6d56 status=pass target=region2.v2.argotunnel.com
2026-07-30T22:44:07Z INF precheck component="Cloudflare API" details="API is reachable" run_id=52e098e9-5310-4e8f-bf01-2729b32b6d56 status=pass target=api.cloudflare.com:443
2026-07-30T22:44:07Z INF precheck complete hard_fail=false run_id=52e098e9-5310-4e8f-bf01-2729b32b6d56 suggested_protocol=quic
